// Jest Snapshot v1, https://goo.gl/fbAQLP

exports[`Footer renders correctly 1`] = `
<footer>
  <a
    href="/about"
    onClick={[Function]}
  >
    About
  </a>
  <a
    href="/sign-up"
    onClick={[Function]}
  >
    Sign up
  </a>
  <a
    href="/login"
    onClick={[Function]}
  >
    Login
  </a>
</footer>
`;
